258f05c2bed61055e62c8ce431422386398a11c3 2026-10-05T06:52:56.333229+00:00
=== Preflight network check ===
PREFLIGHT OK
=== Running: C:\Users\hprad\AppData\Local\Programs\Python\Python310\python.exe reference/aquapulse_ref.py --selftest in C:\Users\hprad\OneDrive\Desktop\aquapulse ===
SELFTEST OK
=== Running: C:\Users\hprad\AppData\Local\Programs\Python\Python310\python.exe scripts/check.py --selftest in C:\Users\hprad\OneDrive\Desktop\aquapulse ===
SELFTEST OK
=== Running: C:\Users\hprad\AppData\Local\Programs\Python\Python310\python.exe scripts/check.py in C:\Users\hprad\OneDrive\Desktop\aquapulse ===
CHECK OK
=== Running: C:\Program Files\nodejs\npx.CMD vitest run in C:\Users\hprad\OneDrive\Desktop\aquapulse\packages\core ===

[1m[30m[46m RUN [49m[39m[22m [36mv5.0.3 [39m[90mC:/Users/hprad/OneDrive/Desktop/aquapulse/packages/core[39m

 [32mâœ“[39m test/merkle_single_bit.test.ts [2m([22m[2m3 tests[22m[2m)[22m[32m 77[2mms[22m[39m
 [32mâœ“[39m test/missing_data_null.test.ts [2m([22m[2m3 tests[22m[2m)[22m[32m 17[2mms[22m[39m
 [32mâœ“[39m test/csv_reproduce.test.ts [2m([22m[2m5 tests[22m[2m)[22m[32m 22[2mms[22m[39m
 [32mâœ“[39m test/golden_parity.test.ts [2m([22m[2m4 tests[22m[2m)[22m[32m 32[2mms[22m[39m
 [32mâœ“[39m test/property_waterfill.test.ts [2m([22m[2m6 tests[22m[2m)[22m[33m 766[2mms[22m[39m

[2m Test Files [22m [1m[32m5 passed[39m[22m[90m (5)[39m
[2m      Tests [22m [1m[32m21 passed[39m[22m[90m (21)[39m
[2m   Start at [22m 12:23:16
[2m   Duration [22m 2.12s[2m (transform 50%, tests 33%, import 14%, worker 3%)[22m

=== Running: C:\Users\hprad\AppData\Local\Programs\Python\Python310\python.exe scripts/tile_health.py in C:\Users\hprad\OneDrive\Desktop\aquapulse ===
{
  "esri": {
    "ok": true,
    "status": 200,
    "sha256": "fbdcf5bf29c479e3f5f465c80f48c1552bf0efb6e0d25c01c7b0c5a97a0ced57",
    "matches_baseline": true
  },
  "openfreemap": {
    "ok": true,
    "status": 200,
    "sha256": "6010998863b4876911ac9a2d62c9a28d97c8877f6d20cd158b74808572257b60",
    "matches_baseline": true
  }
}
TILE HEALTH OK
=== Running: C:\Program Files\nodejs\npm.CMD test in C:\Users\hprad\OneDrive\Desktop\aquapulse\frontend ===

> aquapulse-frontend@1.0.0 test
> vitest run


[1m[30m[46m RUN [49m[39m[22m [36mv5.0.3 [39m[90mC:/Users/hprad/OneDrive/Desktop/aquapulse/frontend[39m

 [32mâœ“[39m src/test/provenance_dom.test.ts [2m([22m[2m3 tests[22m[2m)[22m[32m 16[2mms[22m[39m
 [32mâœ“[39m src/test/prov.test.ts [2m([22m[2m4 tests[22m[2m)[22m[32m 16[2mms[22m[39m

[2m Test Files [22m [1m[32m2 passed[39m[22m[90m (2)[39m
[2m      Tests [22m [1m[32m7 passed[39m[22m[90m (7)[39m
[2m   Start at [22m 12:23:25
[2m   Duration [22m 696ms[2m (transform 67%, import 21%, tests 6%, worker 5%)[22m

=== Running: C:\Program Files\nodejs\npm.CMD run build in C:\Users\hprad\OneDrive\Desktop\aquapulse\frontend ===

> aquapulse-frontend@1.0.0 build
> tsc && vite build

[36mvite v8.3.2 [32mbuilding client environment for production...[36m[39m
transforming...
[33m[plugin rolldown:vite-resolve] Module "node:crypto" has been externalized for browser compatibility, imported by "C:/Users/hprad/OneDrive/Desktop/aquapulse/packages/core/src/merkle.ts". See https://vite.dev/guide/troubleshooting.html#module-externalized-for-browser-compatibility for more details.[39m
âœ“ 94 modules transformed.
rendering chunks...
computing gzip size...
dist/index.html                                                       0.39 kB â”‚ gzip:   0.29 kB
dist/assets/jetbrains-mono-vietnamese-wght-normal-Bt-aOZkq.woff2      7.50 kB
dist/assets/jetbrains-mono-greek-wght-normal-Bw9x6K1M.woff2           9.00 kB
dist/assets/inter-vietnamese-wght-normal-CBcvBZtf.woff2              10.25 kB
dist/assets/inter-greek-ext-wght-normal-DlzME5K_.woff2               11.23 kB
dist/assets/jetbrains-mono-cyrillic-wght-normal-D73BlboJ.woff2       12.10 kB
dist/assets/jetbrains-mono-latin-ext-wght-normal-DBQx-q_a.woff2      15.19 kB
dist/assets/inter-cyrillic-wght-normal-DqGufNeO.woff2                18.74 kB
dist/assets/inter-greek-wght-normal-CkhJZR-_.woff2                   18.99 kB
dist/assets/inter-cyrillic-ext-wght-normal-BOeWTOD4.woff2            25.96 kB
dist/assets/jetbrains-mono-latin-wght-normal-B9CIFXIH.woff2          40.40 kB
dist/assets/inter-latin-wght-normal-Dx4kXJAl.woff2                   48.25 kB
dist/assets/inter-latin-ext-wght-normal-DO1Apj_S.woff2               85.06 kB
dist/assets/index-CpMn-AVh.css                                      101.14 kB â”‚ gzip:  16.71 kB
dist/assets/index-CokB2TDu.js                                     1,327.24 kB â”‚ gzip: 369.88 kB

[33m[plugin builtin:vite-reporter] 
(!) Some chunks are larger than 500 kB after minification. Consider:
- Using dynamic import() to code-split the application
- Use build.rolldownOptions.output.codeSplitting to improve chunking: https://rolldown.rs/reference/OutputOptions.codeSplitting
- Adjust chunk size limit for this warning via build.chunkSizeWarningLimit.[39m
[32mâœ“ built in 1.09s[39m
