281a55e2d150777ff096b7e90500912442207c28 2026-10-05T07:34:39.497882+00:00
=== Preflight network check ===
PREFLIGHT OK
=== Running: C:\Users\hprad\AppData\Local\Programs\Python\Python310\python.exe reference/aquapulse_ref.py --selftest in C:\Users\hprad\OneDrive\Desktop\aquapulse ===
SELFTEST OK
=== Running: C:\Users\hprad\AppData\Local\Programs\Python\Python310\python.exe scripts/check.py --selftest in C:\Users\hprad\OneDrive\Desktop\aquapulse ===
SELFTEST OK
=== Running: C:\Users\hprad\AppData\Local\Programs\Python\Python310\python.exe scripts/check.py in C:\Users\hprad\OneDrive\Desktop\aquapulse ===
CHECK OK
=== Running: C:\Program Files\nodejs\npx.CMD vitest run in C:\Users\hprad\OneDrive\Desktop\aquapulse\packages\core ===

[1m[30m[46m RUN [49m[39m[22m [36mv5.0.3 [39m[90mC:/Users/hprad/OneDrive/Desktop/aquapulse/packages/core[39m

 [32mâœ“[39m test/theis_cone.test.ts [2m([22m[2m2 tests[22m[2m)[22m[32m 11[2mms[22m[39m
 [32mâœ“[39m test/merkle_single_bit.test.ts [2m([22m[2m3 tests[22m[2m)[22m[32m 65[2mms[22m[39m
 [32mâœ“[39m test/missing_data_null.test.ts [2m([22m[2m3 tests[22m[2m)[22m[32m 16[2mms[22m[39m
 [32mâœ“[39m test/csv_reproduce.test.ts [2m([22m[2m5 tests[22m[2m)[22m[32m 23[2mms[22m[39m
 [32mâœ“[39m test/golden_parity.test.ts [2m([22m[2m4 tests[22m[2m)[22m[32m 27[2mms[22m[39m
 [32mâœ“[39m test/property_waterfill.test.ts [2m([22m[2m6 tests[22m[2m)[22m[33m 743[2mms[22m[39m

[2m Test Files [22m [1m[32m6 passed[39m[22m[90m (6)[39m
[2m      Tests [22m [1m[32m23 passed[39m[22m[90m (23)[39m
[2m   Start at [22m 13:04:47
[2m   Duration [22m 1.51s[2m (transform 44%, tests 32%, import 20%, worker 4%)[22m

=== Running: C:\Users\hprad\AppData\Local\Programs\Python\Python310\python.exe scripts/tile_health.py in C:\Users\hprad\OneDrive\Desktop\aquapulse ===
{
  "esri": {
    "ok": true,
    "status": 200,
    "sha256": "fbdcf5bf29c479e3f5f465c80f48c1552bf0efb6e0d25c01c7b0c5a97a0ced57",
    "matches_baseline": true
  },
  "openfreemap": {
    "ok": true,
    "status": 200,
    "sha256": "6010998863b4876911ac9a2d62c9a28d97c8877f6d20cd158b74808572257b60",
    "matches_baseline": true
  }
}
TILE HEALTH OK
=== Running: C:\Program Files\nodejs\npm.CMD test in C:\Users\hprad\OneDrive\Desktop\aquapulse\frontend ===

> aquapulse-frontend@1.0.0 test
> vitest run


[1m[30m[46m RUN [49m[39m[22m [36mv5.0.3 [39m[90mC:/Users/hprad/OneDrive/Desktop/aquapulse/frontend[39m

 [32mâœ“[39m src/test/provenance_dom.test.ts [2m([22m[2m3 tests[22m[2m)[22m[32m 15[2mms[22m[39m
 [32mâœ“[39m src/test/s7_core.test.ts [2m([22m[2m6 tests[22m[2m)[22m[32m 15[2mms[22m[39m
 [32mâœ“[39m src/test/prov.test.ts [2m([22m[2m4 tests[22m[2m)[22m[32m 20[2mms[22m[39m
 [32mâœ“[39m src/test/hero.test.ts [2m([22m[2m7 tests[22m[2m)[22m[32m 24[2mms[22m[39m

[2m Test Files [22m [1m[32m4 passed[39m[22m[90m (4)[39m
[2m      Tests [22m [1m[32m20 passed[39m[22m[90m (20)[39m
[2m   Start at [22m 13:04:51
[2m   Duration [22m 801ms[2m (transform 64%, import 26%, tests 5%, worker 4%)[22m

=== Running: C:\Program Files\nodejs\npm.CMD run build in C:\Users\hprad\OneDrive\Desktop\aquapulse\frontend ===

> aquapulse-frontend@1.0.0 build
> tsc && vite build

[36mvite v8.3.2 [32mbuilding client environment for production...[36m[39m
transforming...
[33m[plugin rolldown:vite-resolve] Module "node:crypto" has been externalized for browser compatibility, imported by "C:/Users/hprad/OneDrive/Desktop/aquapulse/packages/core/src/merkle.ts". See https://vite.dev/guide/troubleshooting.html#module-externalized-for-browser-compatibility for more details.[39m
âœ“ 149 modules transformed.
rendering chunks...
computing gzip size...
dist/index.html                                                       0.39 kB â”‚ gzip:   0.29 kB
dist/assets/jetbrains-mono-vietnamese-wght-normal-Bt-aOZkq.woff2      7.50 kB
dist/assets/jetbrains-mono-greek-wght-normal-Bw9x6K1M.woff2           9.00 kB
dist/assets/inter-vietnamese-wght-normal-CBcvBZtf.woff2              10.25 kB
dist/assets/inter-greek-ext-wght-normal-DlzME5K_.woff2               11.23 kB
dist/assets/jetbrains-mono-cyrillic-wght-normal-D73BlboJ.woff2       12.10 kB
dist/assets/jetbrains-mono-latin-ext-wght-normal-DBQx-q_a.woff2      15.19 kB
dist/assets/inter-cyrillic-wght-normal-DqGufNeO.woff2                18.74 kB
dist/assets/inter-greek-wght-normal-CkhJZR-_.woff2                   18.99 kB
dist/assets/inter-cyrillic-ext-wght-normal-BOeWTOD4.woff2            25.96 kB
dist/assets/jetbrains-mono-latin-wght-normal-B9CIFXIH.woff2          40.40 kB
dist/assets/inter-latin-wght-normal-Dx4kXJAl.woff2                   48.25 kB
dist/assets/inter-latin-ext-wght-normal-DO1Apj_S.woff2               85.06 kB
dist/assets/index-CwNshngj.css                                      128.24 kB â”‚ gzip:  21.29 kB
dist/assets/index-Dw8A0bci.js                                     1,406.09 kB â”‚ gzip: 392.44 kB

[33m[plugin builtin:vite-reporter] 
(!) Some chunks are larger than 500 kB after minification. Consider:
- Using dynamic import() to code-split the application
- Use build.rolldownOptions.output.codeSplitting to improve chunking: https://rolldown.rs/reference/OutputOptions.codeSplitting
- Adjust chunk size limit for this warning via build.chunkSizeWarningLimit.[39m
[32mâœ“ built in 1.01s[39m
